<area shape="rect" href="$aes_8c.html#907a0fa24742e214cf5745ef2c4c2d26" title="CreateAESCtx" alt="" coords="200,44,312,71">
<area shape="rect" href="$aes_8c.html#e6725f8404860044aeb3bb02a46006b4" title="DeleteAESCtx" alt="" coords="201,157,311,184">
<area shape="rect" href="$aes_8c.html#0773743fae8155fec8bf75c087531364" title="DoAES" alt="" coords="224,107,288,133">
<area shape="rect" href="$aes_8h.html#2d6be417e64bdeddfc5c0c035fb6d176" title="AESALGO_makeAesKey" alt="" coords="361,31,532,57">
<area shape="rect" href="$aesalgo_8c.html#94c062eb10035b9a2d630b4d7c1a5fc7" title="aesKeySetupDec" alt="" coords="583,31,711,57">
<area shape="rect" href="$aesalgo_8c.html#fd719d98c97fc2800b503dfe71eaedef" title="aesKeySetupEnc" alt="" coords="760,5,888,32">
<area shape="rect" href="$p3profile_8c.html#115044c21fee0be99499431a0d3cabdc" title="p3errmsg" alt="" coords="605,81,688,108">
<area shape="rect" href="$aes_8h.html#b00b50ef06bf8b54ce973618804586e2" title="AESALGO_blockDecrypt" alt="" coords="360,183,533,209">
<area shape="rect" href="$aes_8h.html#5c1fa1647ea06de25b72db0239129de6" title="AESALGO_blockEncrypt" alt="" coords="361,132,532,159">
<area shape="rect" href="$aesalgo_8c.html#4c719df4534cebdf4a32e36b2baeeaf8" title="aesDecrypt" alt="" coords="600,183,693,209">
<area shape="rect" href="$aesalgo_8c.html#ab1010e729d5c019e6ef9e4dd55a3b96" title="aesEncrypt" alt="" coords="601,132,692,159">
