<area shape="rect" href="$p3kbase_8h.html" title="../p3kbase.h" alt="" coords="789,84,888,111">
<area shape="rect" href="$moptions_8h.html" title="moptions.h" alt="" coords="912,84,1005,111">
<area shape="rect" href="$mtypes_8h.html" title="mtypes.h" alt="" coords="1029,84,1109,111">
<area shape="rect" href="$mocana_8h.html" title="mocana.h" alt="" coords="1133,84,1219,111">
<area shape="rect" href="$hw__accel_8h.html" title="hw_accel.h" alt="" coords="1243,84,1333,111">
<area shape="rect" href="$mdefs_8h.html" title="mdefs.h" alt="" coords="1357,84,1429,111">
<area shape="rect" href="$merrors_8h.html" title="merrors.h" alt="" coords="1453,84,1536,111">
<area shape="rect" href="$mrtos_8h.html" title="mrtos.h" alt="" coords="1560,84,1632,111">
<area shape="rect" href="$mstdlib_8h.html" title="mstdlib.h" alt="" coords="1656,84,1736,111">
<area shape="rect" href="$aesalgo_8h.html" title="aesalgo.h" alt="" coords="1760,84,1843,111">
<area shape="rect" href="$aes_8h.html" title="aes.h" alt="" coords="1867,84,1923,111">
<area shape="rect" href="$p3linux_8h.html" title="p3linux.h" alt="" coords="800,161,877,188">
