<area shape="rect" href="$p3admin_8h.html" title="p3admin.h" alt="" coords="5,84,93,111">
<area shape="rect" href="$p3pri__ui_8h.html" title="p3pri_ui.h" alt="" coords="48,161,131,188">
<area shape="rect" href="$p3sec__ui_8h.html" title="p3sec_ui.h" alt="" coords="683,161,771,188">
<area shape="rect" href="$p3utils_8h.html" title="p3utils.h" alt="" coords="488,84,563,111">
<area shape="rect" href="$p3primary_8h.html" title="p3primary.h" alt="" coords="563,161,659,188">
<area shape="rect" href="$p3profile_8c.html" title="p3profile.c" alt="" coords="755,239,843,265">
<area shape="rect" href="$p3secondary_8h.html" title="p3secondary.h" alt="" coords="845,161,957,188">
<area shape="rect" href="$p3primaryplus_8h.html" title="p3primaryplus.h" alt="" coords="155,161,277,188">
<area shape="rect" href="$p3net_8h.html" title="p3net.h" alt="" coords="881,84,951,111">
<area shape="rect" href="$p3sec__key__handler_8h.html" title="p3sec_key_handler.h" alt="" coords="1219,161,1373,188">
<area shape="rect" href="$p3template_8c.html" title="p3template.c" alt="" coords="1025,84,1132,111">
<area shape="rect" href="$p3template_8h.html" title="p3template.h" alt="" coords="1156,84,1263,111">
<area shape="rect" href="$p3admin_8c.html" title="p3admin.c" alt="" coords="45,239,133,265">
<area shape="rect" href="$p3pri__ui_8c.html" title="p3pri_ui.c" alt="" coords="325,239,408,265">
<area shape="rect" href="$p3primary_8c.html" title="p3primary.c" alt="" coords="180,239,276,265">
<area shape="rect" href="$p3primaryplus_8c.html" title="p3primaryplus.c" alt="" coords="608,239,731,265">
<area shape="rect" href="$p3sec__ui_8c.html" title="p3sec_ui.c" alt="" coords="867,239,955,265">
<area shape="rect" href="$p3secondary_8c.html" title="p3secondary.c" alt="" coords="979,239,1091,265">
<area shape="rect" href="$p3crypto_8c.html" title="p3crypto.c" alt="" coords="400,161,488,188">
<area shape="rect" href="$p3pri__key__server_8c.html" title="p3pri_key_server.c" alt="" coords="445,239,584,265">
<area shape="rect" href="$p3utils_8c.html" title="p3utils.c" alt="" coords="301,161,376,188">
<area shape="rect" href="$p3sec__key__handler_8c.html" title="p3sec_key_handler.c" alt="" coords="1172,239,1324,265">
<area shape="rect" href="$p3pri__net_8c.html" title="p3pri_net.c" alt="" coords="981,161,1072,188">
<area shape="rect" href="$p3sec__net_8c.html" title="p3sec_net.c" alt="" coords="1096,161,1195,188">
