<area shape="rect" href="$p3crypto_8c.html" title="p3crypto.c" alt="" coords="103,84,191,111">
<area shape="rect" href="$p3pri__key__server_8h.html" title="p3pri_key_server.h" alt="" coords="79,161,217,188">
<area shape="rect" href="$p3share_8h.html" title="p3share.h" alt="" coords="345,84,431,111">
<area shape="rect" href="$p3pri__key__server_8c.html" title="p3pri_key_server.c" alt="" coords="5,239,144,265">
<area shape="rect" href="$p3primary_8c.html" title="p3primary.c" alt="" coords="168,239,264,265">
<area shape="rect" href="$p3primaryplus_8c.html" title="p3primaryplus.c" alt="" coords="395,239,517,265">
<area shape="rect" href="$p3primary_8h.html" title="p3primary.h" alt="" coords="340,161,436,188">
<area shape="rect" href="$p3secondary_8h.html" title="p3secondary.h" alt="" coords="591,161,703,188">
<area shape="rect" href="$p3utils_8c.html" title="p3utils.c" alt="" coords="241,161,316,188">
<area shape="rect" href="$p3pri__ui_8c.html" title="p3pri_ui.c" alt="" coords="288,239,371,265">
<area shape="rect" href="$p3profile_8c.html" title="p3profile.c" alt="" coords="541,239,629,265">
<area shape="rect" href="$p3sec__key__handler_8c.html" title="p3sec_key_handler.c" alt="" coords="789,239,941,265">
<area shape="rect" href="$p3sec__ui_8c.html" title="p3sec_ui.c" alt="" coords="965,239,1053,265">
<area shape="rect" href="$p3secondary_8c.html" title="p3secondary.c" alt="" coords="653,239,765,265">
