<area shape="rect" href="$aes_8c.html" title="aes.c" alt="" coords="5,84,61,111">
<area shape="rect" href="$aesalgo_8c.html" title="aesalgo.c" alt="" coords="85,84,168,111">
<area shape="rect" href="$p3kcrypto_8c.html" title="p3kcrypto.c" alt="" coords="192,84,288,111">
<area shape="rect" href="$p3knet_8h.html" title="p3knet.h" alt="" coords="331,161,408,188">
<area shape="rect" href="$p3kprimary_8h.html" title="p3kprimary.h" alt="" coords="445,239,549,265">
<area shape="rect" href="$p3kprimaryplus_8h.html" title="p3kprimaryplus.h" alt="" coords="452,316,583,343">
<area shape="rect" href="$p3ksecondary_8h.html" title="p3ksecondary.h" alt="" coords="573,239,693,265">
<area shape="rect" href="$p3ksession_8h.html" title="p3ksession.h" alt="" coords="312,84,416,111">
<area shape="rect" href="$p3kshare_8h.html" title="p3kshare.h" alt="" coords="768,239,859,265">
<area shape="rect" href="$p3knet_8c.html" title="p3knet.c" alt="" coords="219,239,293,265">
<area shape="rect" href="$p3ksession_8c.html" title="p3ksession.c" alt="" coords="317,239,421,265">
<area shape="rect" href="$p3linux_8c.html" title="p3linux.c" alt="" coords="117,239,195,265">
<area shape="rect" href="$p3kpri__session_8c.html" title="p3kpri_session.c" alt="" coords="28,316,153,343">
<area shape="rect" href="$p3kprimary_8c.html" title="p3kprimary.c" alt="" coords="607,316,708,343">
<area shape="rect" href="$p3kprimaryplus_8c.html" title="p3kprimaryplus.c" alt="" coords="637,393,768,420">
<area shape="rect" href="$p3ksec__session_8c.html" title="p3ksec_session.c" alt="" coords="257,316,388,343">
<area shape="rect" href="$p3ksecondary_8c.html" title="p3ksecondary.c" alt="" coords="732,316,852,343">
