<area shape="rect" href="$p3kcrypto_8c.html" title="p3kcrypto.c" alt="" coords="379,84,475,111">
<area shape="rect" href="$p3ksession_8h.html" title="p3ksession.h" alt="" coords="499,84,603,111">
<area shape="rect" href="$p3kprimary_8c.html" title="p3kprimary.c" alt="" coords="720,316,821,343">
<area shape="rect" href="$p3knet_8h.html" title="p3knet.h" alt="" coords="429,161,507,188">
<area shape="rect" href="$p3kpri__session_8c.html" title="p3kpri_session.c" alt="" coords="569,316,695,343">
<area shape="rect" href="$p3ksec__session_8c.html" title="p3ksec_session.c" alt="" coords="5,316,136,343">
<area shape="rect" href="$p3knet_8c.html" title="p3knet.c" alt="" coords="481,239,556,265">
<area shape="rect" href="$p3kprimary_8h.html" title="p3kprimary.h" alt="" coords="580,239,684,265">
<area shape="rect" href="$p3ksecondary_8h.html" title="p3ksecondary.h" alt="" coords="108,239,228,265">
<area shape="rect" href="$p3ksession_8c.html" title="p3ksession.c" alt="" coords="252,239,356,265">
<area shape="rect" href="$p3linux_8c.html" title="p3linux.c" alt="" coords="380,239,457,265">
<area shape="rect" href="$p3kprimaryplus_8h.html" title="p3kprimaryplus.h" alt="" coords="360,316,491,343">
<area shape="rect" href="$p3kprimaryplus_8c.html" title="p3kprimaryplus.c" alt="" coords="360,393,491,420">
<area shape="rect" href="$p3ksecondary_8c.html" title="p3ksecondary.c" alt="" coords="160,316,280,343">
