<area shape="rect" href="$p3kbase_8h.html" title="p3kbase.h" alt="" coords="737,84,825,111">
<area shape="rect" href="$p3kcrypto_8h.html" title="p3kcrypto.h" alt="" coords="849,84,945,111">
<area shape="rect" href="$moptions_8h.html" title="moc_src/moptions.h" alt="" coords="969,84,1121,111">
<area shape="rect" href="$mtypes_8h.html" title="moc_src/mtypes.h" alt="" coords="1145,84,1284,111">
<area shape="rect" href="$mdefs_8h.html" title="moc_src/mdefs.h" alt="" coords="1308,84,1439,111">
<area shape="rect" href="$merrors_8h.html" title="moc_src/merrors.h" alt="" coords="1463,84,1604,111">
<area shape="rect" href="$mrtos_8h.html" title="moc_src/mrtos.h" alt="" coords="1628,84,1756,111">
<area shape="rect" href="$mstdlib_8h.html" title="moc_src/mstdlib.h" alt="" coords="1780,84,1919,111">
<area shape="rect" href="$random_8h.html" title="moc_src/random.h" alt="" coords="1943,84,2084,111">
<area shape="rect" href="$mocana_8h.html" title="moc_src/mocana.h" alt="" coords="2108,84,2252,111">
<area shape="rect" href="$hw__accel_8h.html" title="moc_src/hw_accel.h" alt="" coords="2276,84,2423,111">
<area shape="rect" href="$aes_8h.html" title="moc_src/aes.h" alt="" coords="2447,84,2561,111">
<area shape="rect" href="$aes__ctr_8h.html" title="moc_src/aes_ctr.h" alt="" coords="2585,84,2721,111">
<area shape="rect" href="$aes__cmac_8h.html" title="moc_src/aes_cmac.h" alt="" coords="2745,84,2900,111">
<area shape="rect" href="$aes__ccm_8h.html" title="moc_src/aes_ccm.h" alt="" coords="2924,84,3071,111">
<area shape="rect" href="$aes__ecb_8h.html" title="moc_src/aes_ecb.h" alt="" coords="3095,84,3239,111">
<area shape="rect" href="$p3linux_8h.html" title="p3linux.h" alt="" coords="800,161,877,188">
