<area shape="rect" href="$p3knet_8c.html" title="p3knet.c" alt="" coords="127,84,201,111">
<area shape="rect" href="$p3kprimary_8h.html" title="p3kprimary.h" alt="" coords="225,84,329,111">
<area shape="rect" href="$p3ksecondary_8h.html" title="p3ksecondary.h" alt="" coords="353,84,473,111">
<area shape="rect" href="$p3ksession_8c.html" title="p3ksession.c" alt="" coords="497,84,601,111">
<area shape="rect" href="$p3linux_8c.html" title="p3linux.c" alt="" coords="625,84,703,111">
<area shape="rect" href="$p3kpri__session_8c.html" title="p3kpri_session.c" alt="" coords="5,161,131,188">
<area shape="rect" href="$p3kprimary_8c.html" title="p3kprimary.c" alt="" coords="155,161,256,188">
<area shape="rect" href="$p3kprimaryplus_8h.html" title="p3kprimaryplus.h" alt="" coords="280,161,411,188">
<area shape="rect" href="$p3kprimaryplus_8c.html" title="p3kprimaryplus.c" alt="" coords="280,239,411,265">
<area shape="rect" href="$p3ksec__session_8c.html" title="p3ksec_session.c" alt="" coords="435,161,565,188">
<area shape="rect" href="$p3ksecondary_8c.html" title="p3ksecondary.c" alt="" coords="589,161,709,188">
