<area shape="rect" href="$p3kcrypto_8c.html#e807e42de382b4967dcf61a94abf1d63" title="p3_encrypt" alt="" coords="175,48,265,75">
<area shape="rect" href="$p3profile_8c.html#115044c21fee0be99499431a0d3cabdc" title="p3errmsg" alt="" coords="780,124,863,151">
<area shape="rect" href="$p3linux_8c.html#61e0f4c4c3ee65ef0c0c47c5766d25fc" title="p3net_utils" alt="" coords="175,99,265,125">
<area shape="rect" href="$aes_8c.html#0773743fae8155fec8bf75c087531364" title="DoAES" alt="" coords="377,149,441,176">
<area shape="rect" href="$merrors_8c.html#e0fbf1c8cf3bc5beb2c222ef6fb403e2" title="MERROR_lookUpErrorCode" alt="" coords="315,23,504,49">
<area shape="rect" href="$aes_8h.html#b00b50ef06bf8b54ce973618804586e2" title="AESALGO_blockDecrypt" alt="" coords="552,225,725,252">
<area shape="rect" href="$aes_8h.html#5c1fa1647ea06de25b72db0239129de6" title="AESALGO_blockEncrypt" alt="" coords="553,175,724,201">
<area shape="rect" href="$aesalgo_8c.html#4c719df4534cebdf4a32e36b2baeeaf8" title="aesDecrypt" alt="" coords="775,225,868,252">
<area shape="rect" href="$aesalgo_8c.html#ab1010e729d5c019e6ef9e4dd55a3b96" title="aesEncrypt" alt="" coords="776,175,867,201">
