<area shape="rect" href="$p3knet_8c.html#477c7725aa7c5d922a3e6f4cf59c419f" title="build_p3table" alt="" coords="341,5,448,32">
<area shape="rect" href="$p3profile_8c.html#115044c21fee0be99499431a0d3cabdc" title="p3errmsg" alt="" coords="744,56,827,83">
<area shape="rect" href="$p3ksession_8c.html#67c0368da866a1d40d64c5c5f62c0da5" title="init_session" alt="" coords="179,107,275,133">
<area shape="rect" href="$p3kcrypto_8c.html#b4cab0205447c3702dd6d0f6ecfd19b2" title="p3_get_key_size" alt="" coords="164,157,289,184">
<area shape="rect" href="$p3kcrypto_8c.html#2fff99ba7e77678db3154d219a8014d0" title="p3_init_crypto" alt="" coords="172,208,281,235">
<area shape="rect" href="$aes_8c.html#907a0fa24742e214cf5745ef2c4c2d26" title="CreateAESCtx" alt="" coords="339,196,451,223">
<area shape="rect" href="$aes_8h.html#2d6be417e64bdeddfc5c0c035fb6d176" title="AESALGO_makeAesKey" alt="" coords="500,189,671,216">
<area shape="rect" href="$aesalgo_8c.html#94c062eb10035b9a2d630b4d7c1a5fc7" title="aesKeySetupDec" alt="" coords="721,164,849,191">
<area shape="rect" href="$aesalgo_8c.html#fd719d98c97fc2800b503dfe71eaedef" title="aesKeySetupEnc" alt="" coords="899,189,1027,216">
