<area shape="rect" href="$p3knet_8h.html" title="p3knet.h" alt="" coords="331,84,408,111">
<area shape="rect" href="$p3kpri__session_8c.html" title="p3kpri_session.c" alt="" coords="5,239,131,265">
<area shape="rect" href="$p3ksec__session_8c.html" title="p3ksec_session.c" alt="" coords="611,239,741,265">
<area shape="rect" href="$p3knet_8c.html" title="p3knet.c" alt="" coords="83,161,157,188">
<area shape="rect" href="$p3kprimary_8h.html" title="p3kprimary.h" alt="" coords="181,161,285,188">
<area shape="rect" href="$p3ksecondary_8h.html" title="p3ksecondary.h" alt="" coords="309,161,429,188">
<area shape="rect" href="$p3ksession_8c.html" title="p3ksession.c" alt="" coords="453,161,557,188">
<area shape="rect" href="$p3linux_8c.html" title="p3linux.c" alt="" coords="581,161,659,188">
<area shape="rect" href="$p3kprimary_8c.html" title="p3kprimary.c" alt="" coords="167,239,268,265">
<area shape="rect" href="$p3kprimaryplus_8h.html" title="p3kprimaryplus.h" alt="" coords="292,239,423,265">
<area shape="rect" href="$p3kprimaryplus_8c.html" title="p3kprimaryplus.c" alt="" coords="292,316,423,343">
<area shape="rect" href="$p3ksecondary_8c.html" title="p3ksecondary.c" alt="" coords="447,239,567,265">
