<area shape="rect" href="$p3kbase_8h.html" title="p3kbase.h" alt="" coords="341,84,429,111">
<area shape="rect" href="$p3kcrypto_8h.html" title="p3kcrypto.h" alt="" coords="612,84,708,111">
<area shape="rect" href="$aes_8c.html" title="aes.c" alt="" coords="5,161,61,188">
<area shape="rect" href="$aesalgo_8c.html" title="aesalgo.c" alt="" coords="85,161,168,188">
<area shape="rect" href="$p3kcrypto_8c.html" title="p3kcrypto.c" alt="" coords="675,161,771,188">
<area shape="rect" href="$p3knet_8h.html" title="p3knet.h" alt="" coords="560,239,637,265">
<area shape="rect" href="$p3kprimary_8h.html" title="p3kprimary.h" alt="" coords="437,316,541,343">
<area shape="rect" href="$p3kprimaryplus_8h.html" title="p3kprimaryplus.h" alt="" coords="288,393,419,420">
<area shape="rect" href="$p3ksecondary_8h.html" title="p3ksecondary.h" alt="" coords="293,316,413,343">
<area shape="rect" href="$p3ksession_8h.html" title="p3ksession.h" alt="" coords="547,161,651,188">
<area shape="rect" href="$p3kshare_8h.html" title="p3kshare.h" alt="" coords="128,316,219,343">
<area shape="rect" href="$p3knet_8c.html" title="p3knet.c" alt="" coords="565,316,640,343">
<area shape="rect" href="$p3ksession_8c.html" title="p3ksession.c" alt="" coords="664,316,768,343">
<area shape="rect" href="$p3linux_8c.html" title="p3linux.c" alt="" coords="792,316,869,343">
<area shape="rect" href="$p3kpri__session_8c.html" title="p3kpri_session.c" alt="" coords="833,393,959,420">
<area shape="rect" href="$p3kprimary_8c.html" title="p3kprimary.c" alt="" coords="597,393,699,420">
<area shape="rect" href="$p3kprimaryplus_8c.html" title="p3kprimaryplus.c" alt="" coords="164,471,295,497">
<area shape="rect" href="$p3ksec__session_8c.html" title="p3ksec_session.c" alt="" coords="443,393,573,420">
<area shape="rect" href="$p3ksecondary_8c.html" title="p3ksecondary.c" alt="" coords="144,393,264,420">
